// Vitest Snapshot v1, https://vitest.dev/guide/snapshot.html

exports[`gel-layout-item() > creates a single layout group/row, this wraps individual layout items 1`] = `
".gel-layout-item {
  display: inline-block;
  padding-left: 8px;
  text-align: left;
  vertical-align: top;
  width: 100%;
}
@media (min-width: 37.5em) {
  .gel-layout-item {
    padding-left: 16px;
  }
}"
`;
